FAIL src/components/settings/__tests__/LocationSettings.test.tsx
  ● LocationSettings › renders location sharing options

    TestingLibraryElementError: Unable to find a label with the text of: /Don't share my location/

    Ignored nodes: comments, script, style
--
FAIL src/app/(main)/feed/__tests__/FeedPage.test.tsx
  ● Console

    console.warn
      An error occurred! For more details, see the full error text at https://go.apollo.dev/c/err#%7B%22version%22%3A%223.14.0%22%2C%22message%22%3A104%2C%22args%22%3A%5B%22MockedProvider%22%2C%22addTypename%22%2C%22Please%20remove%20the%20%60addTypename%60%20prop.%20For%20best%20results%2C%20ensure%20the%20provided%20%60mocks%60%20include%20a%20%60__typename%60%20property%20on%20all%20mock%20objects%20to%20ensure%20the%20cache%20more%20closely%20behaves%20like%20production.%22%5D%7D

--
FAIL src/components/features/auth/__tests__/SignupForm.test.tsx
  ● SignupForm › displays loading state when signing up

    expect(element).toBeDisabled()

    Received element is not disabled:
--
FAIL src/components/settings/__tests__/PrivacyControls.test.tsx
  ● Console

    console.error
      Warning: An update to PrivacyControls inside a test was not wrapped in act(...).
      
--
FAIL src/contexts/__tests__/AuthContext.test.tsx
  ● Console

    console.error
      Warning: An update to AuthProvider inside a test was not wrapped in act(...).
      
--
FAIL src/contexts/__tests__/PrivacyContext.test.tsx
  ● PrivacyContext › handles localStorage errors gracefully

    expect(jest.fn()).toHaveBeenCalled()

    Expected number of calls: >= 1
--
FAIL src/lib/__tests__/api.test.ts
  ● Console

    console.error
      Error creating trip: Error: Network error
          at Object.<anonymous> (/Users/anthonyforan/soloadventurer_web_app/src/lib/__tests__/api.test.ts:143:33)
--
FAIL src/lib/map/__tests__/mapbox.test.ts
  ● mapbox utilities › convertTripsToGeoJSON › should convert trips to GeoJSON format

    expect(received).toHaveLength(expected)

    Expected length: 2
--
FAIL src/app/(main)/trips/__tests__/[id]/edit/page.test.tsx
  ● Console

    console.error
      Warning: React.jsx: type is invalid -- expected a string (for built-in components) or a class/function (for composite components) but got: undefined. You likely forgot to export your component from the file it's defined in, or you might have mixed up default and named imports.
      
--
FAIL src/app/(main)/trips/__tests__/[id]/page.test.tsx
  ● Console

    console.error
      Warning: React.jsx: type is invalid -- expected a string (for built-in components) or a class/function (for composite components) but got: undefined. You likely forgot to export your component from the file it's defined in, or you might have mixed up default and named imports.
      
--
FAIL amplify/functions/trips-api/handler.test.ts
  ● Test suite failed to run

    ReferenceError: Cannot access 'mockSend' before initialization

      11 |   DynamoDBDocumentClient: {
--
FAIL src/app/profile/__tests__/ProfilePage.test.tsx
  ● Console

    console.warn
      An error occurred! For more details, see the full error text at https://go.apollo.dev/c/err#%7B%22version%22%3A%223.14.0%22%2C%22message%22%3A104%2C%22args%22%3A%5B%22MockedProvider%22%2C%22addTypename%22%2C%22Please%20remove%20the%20%60addTypename%60%20prop.%20For%20best%20results%2C%20ensure%20the%20provided%20%60mocks%60%20include%20a%20%60__typename%60%20property%20on%20all%20mock%20objects%20to%20ensure%20the%20cache%20more%20closely%20behaves%20like%20production.%22%5D%7D

--
FAIL src/hooks/__tests__/useUserSearch.test.ts
  ● useUserSearch › should perform search when query changes

    expect(received).toBeGreaterThan(expected)

    Expected: > 0
--
FAIL src/components/features/trips/__tests__/TripEditForm.test.tsx (6.022 s)
  ● Console

    console.error
      Failed to get auth token: TypeError: Cannot read properties of undefined (reading 'tokens')
          at ApiClient.tokens [as getAuthToken] (/Users/anthonyforan/soloadventurer_web_app/src/services/base/ApiClient.ts:37:22)
--
FAIL src/components/settings/__tests__/LocationSettings.test.tsx
  ● LocationSettings › renders location sharing options

    TestingLibraryElementError: Unable to find a label with the text of: /Don't share my location/

    Ignored nodes: comments, script, style
--
FAIL src/app/(main)/feed/__tests__/FeedPage.test.tsx
  ● FeedPage › renders feed page with empty state

    TestingLibraryElementError: Unable to find an element by: [data-testid="post-composer"]

    Ignored nodes: comments, script, style
--
FAIL src/components/features/auth/__tests__/SignupForm.test.tsx
  ● SignupForm › displays loading state when signing up

    expect(element).toBeDisabled()

    Received element is not disabled:
--
FAIL src/components/settings/__tests__/PrivacyControls.test.tsx
  ● PrivacyControls › renders tabs for blocked and hidden users

    TestingLibraryElementError: Found multiple elements with the text: /Blocked Users/

    Here are the matching elements:
--
FAIL src/contexts/__tests__/AuthContext.test.tsx
  ● AuthProvider › handles successful signup

    expect(jest.fn()).toHaveBeenCalledWith(...expected)

    - Expected
--
FAIL src/contexts/__tests__/PrivacyContext.test.tsx
  ● PrivacyContext › handles localStorage errors gracefully

    expect(jest.fn()).toHaveBeenCalled()

    Expected number of calls: >= 1
--
FAIL src/lib/__tests__/api.test.ts
  ● getFeed › should return mock feed items

    TripsApiError: Failed to fetch feed

      114 |     }
--
FAIL src/lib/map/__tests__/mapbox.test.ts
  ● mapbox utilities › convertTripsToGeoJSON › should convert trips to GeoJSON format

    expect(received).toHaveLength(expected)

    Expected length: 2
--
FAIL src/app/(main)/trips/__tests__/[id]/edit/page.test.tsx
  ● TripEditPage › should render loading state initially

    TestingLibraryElementError: Unable to find an element by: [data-testid="main-layout"]

    Ignored nodes: comments, script, style
--
FAIL src/app/(main)/trips/__tests__/[id]/page.test.tsx
  ● TripDetailPage › should render loading state initially

    TestingLibraryElementError: Unable to find an element by: [data-testid="main-layout"]

    Ignored nodes: comments, script, style
--
FAIL amplify/functions/trips-api/handler.test.ts
  ● Test suite failed to run

    ReferenceError: Cannot access 'mockSend' before initialization

      11 |   DynamoDBDocumentClient: {
--
FAIL src/app/profile/__tests__/ProfilePage.test.tsx
  ● ProfilePage › displays user trips in adventures tab

    Unable to find an element with the text: Test City, Test Country. This could be because the text is broken up by multiple elements. In this case, you can provide a function for your text matcher to make your matcher more flexible.

    Ignored nodes: comments, script, style
--
FAIL src/hooks/__tests__/useUserSearch.test.ts
  ● useUserSearch › should perform search when query changes

    expect(received).toBeGreaterThan(expected)

    Expected: > 0
--
FAIL src/components/features/trips/__tests__/TripEditForm.test.tsx (6.022 s)
  ● TripEditForm › should show validation errors for invalid input

    Unable to find an element with the text: Title is required. This could be because the text is broken up by multiple elements. In this case, you can provide a function for your text matcher to make your matcher more flexible.

    Ignored nodes: comments, script, style
